20:10:19 **** Incremental Build of configuration Debug for project assssign8Q1 ****
make -j8 all 
arm-none-eabi-gcc "../Core/Src/main.c" -mcpu=cortex-m4 -std=gnu11 -g3 -DDEBUG -DUSE_HAL_DRIVER -DSTM32F407xx -c -I../Core/Inc -I../Drivers/STM32F4xx_HAL_Driver/Inc -I../Drivers/STM32F4xx_HAL_Driver/Inc/Legacy -I../Drivers/CMSIS/Device/ST/STM32F4xx/Include -I../Drivers/CMSIS/Include -O0 -ffunction-sections -fdata-sections -Wall -fstack-usage -fcyclomatic-complexity -MMD -MP -MF"Core/Src/main.d" -MT"Core/Src/main.o" --specs=nano.specs -mfpu=fpv4-sp-d16 -mfloat-abi=hard -mthumb -o "Core/Src/main.o"
arm-none-eabi-gcc -o "assssign8Q1.elf" @"objects.list"   -mcpu=cortex-m4 -T"D:\arm controller\Pranjal_94136\Pranjal_94136\assignment8\assssign8Q1\STM32F407VGTX_FLASH.ld" --specs=nosys.specs -Wl,-Map="assssign8Q1.map" -Wl,--gc-sections -static --specs=nano.specs -mfpu=fpv4-sp-d16 -mfloat-abi=hard -mthumb -Wl,--start-group -lc -lm -Wl,--end-group
Finished building target: assssign8Q1.elf
 
arm-none-eabi-size  assssign8Q1.elf 
arm-none-eabi-objdump -h -S assssign8Q1.elf  > "assssign8Q1.list"
   text	   data	    bss	    dec	    hex	filename
   6216	     12	   1572	   7800	   1e78	assssign8Q1.elf
Finished building: default.size.stdout
 
Finished building: assssign8Q1.list
 

20:10:24 Build Finished. 0 errors, 0 warnings. (took 4s.871ms)

