21:23:19 **** Incremental Build of configuration Debug for project HAL_LEFT_RIGHT ****
make -j8 all 
arm-none-eabi-gcc "../Core/Src/main.c" -mcpu=cortex-m4 -std=gnu11 -g3 -DDEBUG -DUSE_HAL_DRIVER -DSTM32F407xx -c -I../Core/Inc -I../Drivers/STM32F4xx_HAL_Driver/Inc -I../Drivers/STM32F4xx_HAL_Driver/Inc/Legacy -I../Drivers/CMSIS/Device/ST/STM32F4xx/Include -I../Drivers/CMSIS/Include -O0 -ffunction-sections -fdata-sections -Wall -fstack-usage -fcyclomatic-complexity -MMD -MP -MF"Core/Src/main.d" -MT"Core/Src/main.o" --specs=nano.specs -mfpu=fpv4-sp-d16 -mfloat-abi=hard -mthumb -o "Core/Src/main.o"
arm-none-eabi-gcc -o "HAL_LEFT_RIGHT.elf" @"objects.list"   -mcpu=cortex-m4 -T"D:\arm controller\Pranjal_94136\Pranjal_94136\assignment5\HAL_LEFT_RIGHT\STM32F407VGTX_FLASH.ld" --specs=nosys.specs -Wl,-Map="HAL_LEFT_RIGHT.map" -Wl,--gc-sections -static --specs=nano.specs -mfpu=fpv4-sp-d16 -mfloat-abi=hard -mthumb -Wl,--start-group -lc -lm -Wl,--end-group
Finished building target: HAL_LEFT_RIGHT.elf
 
arm-none-eabi-size  HAL_LEFT_RIGHT.elf 
arm-none-eabi-objdump -h -S HAL_LEFT_RIGHT.elf  > "HAL_LEFT_RIGHT.list"
   text	   data	    bss	    dec	    hex	filename
   6072	     12	   1572	   7656	   1de8	HAL_LEFT_RIGHT.elf
Finished building: default.size.stdout
 
Finished building: HAL_LEFT_RIGHT.list
 

21:23:21 Build Finished. 0 errors, 0 warnings. (took 2s.249ms)

