21:51:41 **** Incremental Build of configuration Debug for project TOGGLE_LED ****
make -j8 all 
arm-none-eabi-gcc "../Core/Src/main.c" -mcpu=cortex-m4 -std=gnu11 -g3 -DDEBUG -DUSE_HAL_DRIVER -DSTM32F407xx -c -I../Core/Inc -I../Drivers/STM32F4xx_HAL_Driver/Inc -I../Drivers/STM32F4xx_HAL_Driver/Inc/Legacy -I../Drivers/CMSIS/Device/ST/STM32F4xx/Include -I../Drivers/CMSIS/Include -O0 -ffunction-sections -fdata-sections -Wall -fstack-usage -fcyclomatic-complexity -MMD -MP -MF"Core/Src/main.d" -MT"Core/Src/main.o" --specs=nano.specs -mfpu=fpv4-sp-d16 -mfloat-abi=hard -mthumb -o "Core/Src/main.o"
arm-none-eabi-gcc -o "TOGGLE_LED.elf" @"objects.list"   -mcpu=cortex-m4 -T"D:\arm controller\Pranjal_94136\Pranjal_94136\assignment5\TOGGLE_LED\STM32F407VGTX_FLASH.ld" --specs=nosys.specs -Wl,-Map="TOGGLE_LED.map" -Wl,--gc-sections -static --specs=nano.specs -mfpu=fpv4-sp-d16 -mfloat-abi=hard -mthumb -Wl,--start-group -lc -lm -Wl,--end-group
Finished building target: TOGGLE_LED.elf
 
arm-none-eabi-size  TOGGLE_LED.elf 
arm-none-eabi-objdump -h -S TOGGLE_LED.elf  > "TOGGLE_LED.list"
   text	   data	    bss	    dec	    hex	filename
   5984	     12	   1572	   7568	   1d90	TOGGLE_LED.elf
Finished building: default.size.stdout
 
Finished building: TOGGLE_LED.list
 

21:51:43 Build Finished. 0 errors, 0 warnings. (took 1s.513ms)

