23:06:51 **** Build of configuration Debug for project MQ2_LCD_BUZZER ****
make -j8 all 
arm-none-eabi-gcc "../Core/Src/MQ2.c" -mcpu=cortex-m4 -std=gnu11 -g3 -DDEBUG -DUSE_HAL_DRIVER -DSTM32F407xx -c -I../Core/Inc -I../Drivers/STM32F4xx_HAL_Driver/Inc -I../Drivers/STM32F4xx_HAL_Driver/Inc/Legacy -I../Drivers/CMSIS/Device/ST/STM32F4xx/Include -I../Drivers/CMSIS/Include -O0 -ffunction-sections -fdata-sections -Wall -fstack-usage -fcyclomatic-complexity -MMD -MP -MF"Core/Src/MQ2.d" -MT"Core/Src/MQ2.o" --specs=nano.specs -mfpu=fpv4-sp-d16 -mfloat-abi=hard -mthumb -o "Core/Src/MQ2.o"
arm-none-eabi-gcc "../Core/Src/main.c" -mcpu=cortex-m4 -std=gnu11 -g3 -DDEBUG -DUSE_HAL_DRIVER -DSTM32F407xx -c -I../Core/Inc -I../Drivers/STM32F4xx_HAL_Driver/Inc -I../Drivers/STM32F4xx_HAL_Driver/Inc/Legacy -I../Drivers/CMSIS/Device/ST/STM32F4xx/Include -I../Drivers/CMSIS/Include -O0 -ffunction-sections -fdata-sections -Wall -fstack-usage -fcyclomatic-complexity -MMD -MP -MF"Core/Src/main.d" -MT"Core/Src/main.o" --specs=nano.specs -mfpu=fpv4-sp-d16 -mfloat-abi=hard -mthumb -o "Core/Src/main.o"
arm-none-eabi-gcc "../Core/Src/my_lcd.c" -mcpu=cortex-m4 -std=gnu11 -g3 -DDEBUG -DUSE_HAL_DRIVER -DSTM32F407xx -c -I../Core/Inc -I../Drivers/STM32F4xx_HAL_Driver/Inc -I../Drivers/STM32F4xx_HAL_Driver/Inc/Legacy -I../Drivers/CMSIS/Device/ST/STM32F4xx/Include -I../Drivers/CMSIS/Include -O0 -ffunction-sections -fdata-sections -Wall -fstack-usage -fcyclomatic-complexity -MMD -MP -MF"Core/Src/my_lcd.d" -MT"Core/Src/my_lcd.o" --specs=nano.specs -mfpu=fpv4-sp-d16 -mfloat-abi=hard -mthumb -o "Core/Src/my_lcd.o"
arm-none-eabi-gcc "../Core/Src/stm32f4xx_hal_msp.c" -mcpu=cortex-m4 -std=gnu11 -g3 -DDEBUG -DUSE_HAL_DRIVER -DSTM32F407xx -c -I../Core/Inc -I../Drivers/STM32F4xx_HAL_Driver/Inc -I../Drivers/STM32F4xx_HAL_Driver/Inc/Legacy -I../Drivers/CMSIS/Device/ST/STM32F4xx/Include -I../Drivers/CMSIS/Include -O0 -ffunction-sections -fdata-sections -Wall -fstack-usage -fcyclomatic-complexity -MMD -MP -MF"Core/Src/stm32f4xx_hal_msp.d" -MT"Core/Src/stm32f4xx_hal_msp.o" --specs=nano.specs -mfpu=fpv4-sp-d16 -mfloat-abi=hard -mthumb -o "Core/Src/stm32f4xx_hal_msp.o"
arm-none-eabi-gcc "../Core/Src/stm32f4xx_it.c" -mcpu=cortex-m4 -std=gnu11 -g3 -DDEBUG -DUSE_HAL_DRIVER -DSTM32F407xx -c -I../Core/Inc -I../Drivers/STM32F4xx_HAL_Driver/Inc -I../Drivers/STM32F4xx_HAL_Driver/Inc/Legacy -I../Drivers/CMSIS/Device/ST/STM32F4xx/Include -I../Drivers/CMSIS/Include -O0 -ffunction-sections -fdata-sections -Wall -fstack-usage -fcyclomatic-complexity -MMD -MP -MF"Core/Src/stm32f4xx_it.d" -MT"Core/Src/stm32f4xx_it.o" --specs=nano.specs -mfpu=fpv4-sp-d16 -mfloat-abi=hard -mthumb -o "Core/Src/stm32f4xx_it.o"
../Core/Src/MQ2.c: In function 'MX_ADC1_Init':
../Core/Src/MQ2.c:142:20: warning: passing argument 1 of 'HAL_ADC_Init' discards 'volatile' qualifier from pointer target type [-Wdiscarded-qualifiers]
  142 |   if (HAL_ADC_Init(&hadc1) != HAL_OK)
      |                    ^~~~~~
In file included from ../Core/Inc/stm32f4xx_hal_conf.h:295,
                 from ../Drivers/STM32F4xx_HAL_Driver/Inc/stm32f4xx_hal.h:29,
                 from ../Core/Inc/main.h:30,
                 from ../Core/Src/MQ2.c:23:
../Drivers/STM32F4xx_HAL_Driver/Inc/stm32f4xx_hal_adc.h:565:51: note: expected 'ADC_HandleTypeDef *' but argument is of type 'volatile ADC_HandleTypeDef *'
  565 | HAL_StatusTypeDef HAL_ADC_Init(ADC_HandleTypeDef *hadc);
      |                                ~~~~~~~~~~~~~~~~~~~^~~~
../Core/Src/MQ2.c:152:29: warning: passing argument 1 of 'HAL_ADC_ConfigChannel' discards 'volatile' qualifier from pointer target type [-Wdiscarded-qualifiers]
  152 |   if (HAL_ADC_ConfigChannel(&hadc1, &sConfig) != HAL_OK)
      |                             ^~~~~~
../Drivers/STM32F4xx_HAL_Driver/Inc/stm32f4xx_hal_adc.h:611:60: note: expected 'ADC_HandleTypeDef *' but argument is of type 'volatile ADC_HandleTypeDef *'
  611 | HAL_StatusTypeDef HAL_ADC_ConfigChannel(ADC_HandleTypeDef *hadc, ADC_ChannelConfTypeDef *sConfig);
      |                                         ~~~~~~~~~~~~~~~~~~~^~~~
../Core/Src/main.c: In function 'main':
../Core/Src/main.c:104:3: warning: implicit declaration of function 'MX_I2C1_Init'; did you mean 'MX_ADC1_Init'? [-Wimplicit-function-declaration]
  104 |   MX_I2C1_Init();
      |   ^~~~~~~~~~~~
      |   MX_ADC1_Init
../Core/Src/main.c:117:25: warning: passing argument 1 of 'HAL_ADC_Start' discards 'volatile' qualifier from pointer target type [-Wdiscarded-qualifiers]
  117 |           HAL_ADC_Start(&hadc1);
      |                         ^~~~~~
In file included from ../Core/Inc/stm32f4xx_hal_conf.h:295,
                 from ../Drivers/STM32F4xx_HAL_Driver/Inc/stm32f4xx_hal.h:29,
                 from ../Core/Inc/main.h:30,
                 from ../Core/Src/main.c:20:
../Drivers/STM32F4xx_HAL_Driver/Inc/stm32f4xx_hal_adc.h:583:52: note: expected 'ADC_HandleTypeDef *' but argument is of type 'volatile ADC_HandleTypeDef *'
  583 | HAL_StatusTypeDef HAL_ADC_Start(ADC_HandleTypeDef *hadc);
      |                                 ~~~~~~~~~~~~~~~~~~~^~~~
../Core/Src/main.c:118:45: warning: passing argument 1 of 'HAL_ADC_PollForConversion' discards 'volatile' qualifier from pointer target type [-Wdiscarded-qualifiers]
  118 |                   HAL_ADC_PollForConversion(&hadc1, HAL_MAX_DELAY);
      |                                             ^~~~~~
../Drivers/STM32F4xx_HAL_Driver/Inc/stm32f4xx_hal_adc.h:585:64: note: expected 'ADC_HandleTypeDef *' but argument is of type 'volatile ADC_HandleTypeDef *'
  585 | HAL_StatusTypeDef HAL_ADC_PollForConversion(ADC_HandleTypeDef *hadc, uint32_t Timeout);
      |                                             ~~~~~~~~~~~~~~~~~~~^~~~
../Core/Src/main.c:119:42: warning: passing argument 1 of 'HAL_ADC_GetValue' discards 'volatile' qualifier from pointer target type [-Wdiscarded-qualifiers]
  119 |                   val = HAL_ADC_GetValue(&hadc1);
      |                                          ^~~~~~
../Drivers/STM32F4xx_HAL_Driver/Inc/stm32f4xx_hal_adc.h:597:46: note: expected 'ADC_HandleTypeDef *' but argument is of type 'volatile ADC_HandleTypeDef *'
  597 | uint32_t HAL_ADC_GetValue(ADC_HandleTypeDef *hadc);
      |                           ~~~~~~~~~~~~~~~~~~~^~~~
../Core/Src/main.c:120:40: warning: passing argument 1 of 'HAL_ADC_Stop' discards 'volatile' qualifier from pointer target type [-Wdiscarded-qualifiers]
  120 |                           HAL_ADC_Stop(&hadc1);
      |                                        ^~~~~~
../Drivers/STM32F4xx_HAL_Driver/Inc/stm32f4xx_hal_adc.h:584:51: note: expected 'ADC_HandleTypeDef *' but argument is of type 'volatile ADC_HandleTypeDef *'
  584 | HAL_StatusTypeDef HAL_ADC_Stop(ADC_HandleTypeDef *hadc);
      |                                ~~~~~~~~~~~~~~~~~~~^~~~
../Core/Src/main.c: At top level:
../Core/Src/main.c:215:7: warning: conflicting types for 'MX_I2C1_Init'; have 'void(void)'
  215 |  void MX_I2C1_Init(void)
      |       ^~~~~~~~~~~~
../Core/Src/main.c:104:3: note: previous implicit declaration of 'MX_I2C1_Init' with type 'void(void)'
  104 |   MX_I2C1_Init();
      |   ^~~~~~~~~~~~
arm-none-eabi-gcc -o "MQ2_LCD_BUZZER.elf" @"objects.list"   -mcpu=cortex-m4 -T"D:\arm controller\FINAL PROJECT\MQ2_LCD_BUZZER\STM32F407VGTX_FLASH.ld" --specs=nosys.specs -Wl,-Map="MQ2_LCD_BUZZER.map" -Wl,--gc-sections -static --specs=nano.specs -mfpu=fpv4-sp-d16 -mfloat-abi=hard -mthumb -Wl,--start-group -lc -lm -Wl,--end-group
Finished building target: MQ2_LCD_BUZZER.elf
 
arm-none-eabi-size  MQ2_LCD_BUZZER.elf 
arm-none-eabi-objdump -h -S MQ2_LCD_BUZZER.elf  > "MQ2_LCD_BUZZER.list"
   text	   data	    bss	    dec	    hex	filename
  14968	     92	   2068	  17128	   42e8	MQ2_LCD_BUZZER.elf
Finished building: default.size.stdout
 
Finished building: MQ2_LCD_BUZZER.list
 

23:06:58 Build Finished. 0 errors, 8 warnings. (took 7s.332ms)

