12:17:20 **** Incremental Build of configuration Debug for project A9Q4 ****
make -j8 all 
arm-none-eabi-gcc "../Core/Src/main.c" -mcpu=cortex-m4 -std=gnu11 -g3 -DDEBUG -DUSE_HAL_DRIVER -DSTM32F407xx -c -I../Core/Inc -I../Drivers/STM32F4xx_HAL_Driver/Inc -I../Drivers/STM32F4xx_HAL_Driver/Inc/Legacy -I../Drivers/CMSIS/Device/ST/STM32F4xx/Include -I../Drivers/CMSIS/Include -O0 -ffunction-sections -fdata-sections -Wall -fstack-usage -fcyclomatic-complexity -MMD -MP -MF"Core/Src/main.d" -MT"Core/Src/main.o" --specs=nano.specs -mfpu=fpv4-sp-d16 -mfloat-abi=hard -mthumb -o "Core/Src/main.o"
arm-none-eabi-gcc -o "A9Q4.elf" @"objects.list"   -mcpu=cortex-m4 -T"D:\arm controller\Pranjal_94136\Pranjal_94136\assignment9\A9Q4\STM32F407VGTX_FLASH.ld" --specs=nosys.specs -Wl,-Map="A9Q4.map" -Wl,--gc-sections -static --specs=nano.specs -mfpu=fpv4-sp-d16 -mfloat-abi=hard -mthumb -Wl,--start-group -lc -lm -Wl,--end-group
Finished building target: A9Q4.elf
 
arm-none-eabi-size  A9Q4.elf 
arm-none-eabi-objdump -h -S A9Q4.elf  > "A9Q4.list"
   text	   data	    bss	    dec	    hex	filename
  12328	     92	   1996	  14416	   3850	A9Q4.elf
Finished building: default.size.stdout
 
Finished building: A9Q4.list
 
